  姝ｅ湪纭畾瑕佽繕鍘熺殑椤圭洰鈥?
D:\study\.net core\MovieAgent\MovieAgent\MovieAgent.csproj : warning NU1510: PackageReference System.Drawing.Common 灏嗕笉浼氬垹闄ゃ€傝鑰冭檻浠庝緷璧栭」涓Щ闄ゆ鍖咃紝鍥犱负鍙兘涓嶉渶瑕佸畠銆?[D:\study\.net core\MovieAgent\MovieAgent.slnx]
D:\study\.net core\MovieAgent\MovieAgent\MovieAgent.csproj : warning NU1603: MovieAgent 渚濊禆浜?Microsoft.AspNetCore.Components.WebView.Wpf (>= 10.0.0-preview.3.25171.1)锛屼絾娌℃湁鎵惧埌 Microsoft.AspNetCore.Components.WebView.Wpf 10.0.0-preview.3.25171.1銆傚凡鏀逛负瑙ｆ瀽 Microsoft.AspNetCore.Components.WebView.Wpf 10.0.0-preview.3.25208.1銆?[D:\study\.net core\MovieAgent\MovieAgent.slnx]
D:\study\.net core\MovieAgent\MovieAgent\MovieAgent.csproj : warning NU1603: MovieAgent 渚濊禆浜?Microsoft.Extensions.Hosting (>= 10.0.0-preview.3.25171.1)锛屼絾娌℃湁鎵惧埌 Microsoft.Extensions.Hosting 10.0.0-preview.3.25171.1銆傚凡鏀逛负瑙ｆ瀽 Microsoft.Extensions.Hosting 10.0.0-preview.3.25171.5銆?[D:\study\.net core\MovieAgent\MovieAgent.slnx]
  鎵€鏈夐」鐩潎鏄渶鏂扮殑锛屾棤娉曡繕鍘熴€?
D:\study\.net core\MovieAgent\MovieAgent\MovieAgent.csproj : warning NU1510: PackageReference System.Drawing.Common 灏嗕笉浼氬垹闄ゃ€傝鑰冭檻浠庝緷璧栭」涓Щ闄ゆ鍖咃紝鍥犱负鍙兘涓嶉渶瑕佸畠銆?
D:\study\.net core\MovieAgent\MovieAgent\MovieAgent.csproj : warning NU1603: MovieAgent 渚濊禆浜?Microsoft.AspNetCore.Components.WebView.Wpf (>= 10.0.0-preview.3.25171.1)锛屼絾娌℃湁鎵惧埌 Microsoft.AspNetCore.Components.WebView.Wpf 10.0.0-preview.3.25171.1銆傚凡鏀逛负瑙ｆ瀽 Microsoft.AspNetCore.Components.WebView.Wpf 10.0.0-preview.3.25208.1銆?
D:\study\.net core\MovieAgent\MovieAgent\MovieAgent.csproj : warning NU1603: MovieAgent 渚濊禆浜?Microsoft.Extensions.Hosting (>= 10.0.0-preview.3.25171.1)锛屼絾娌℃湁鎵惧埌 Microsoft.Extensions.Hosting 10.0.0-preview.3.25171.1銆傚凡鏀逛负瑙ｆ瀽 Microsoft.Extensions.Hosting 10.0.0-preview.3.25171.5銆?
  MovieAgent.Core -> D:\study\.net core\MovieAgent\MovieAgent.Core\bin\Debug\net10.0\MovieAgent.Core.dll
  MovieAgent.Infrastructure -> D:\study\.net core\MovieAgent\MovieAgent.Infrastructure\bin\Debug\net10.0-windows\MovieAgent.Infrastructure.dll
D:\study\.net core\MovieAgent\MovieAgent\MovieAgent_gldeb5xa_wpftmp.csproj : warning NU1510: PackageReference System.Drawing.Common 灏嗕笉浼氬垹闄ゃ€傝鑰冭檻浠庝緷璧栭」涓Щ闄ゆ鍖咃紝鍥犱负鍙兘涓嶉渶瑕佸畠銆?
D:\study\.net core\MovieAgent\MovieAgent\MovieAgent_gldeb5xa_wpftmp.csproj : warning NU1603: MovieAgent 渚濊禆浜?Microsoft.AspNetCore.Components.WebView.Wpf (>= 10.0.0-preview.3.25171.1)锛屼絾娌℃湁鎵惧埌 Microsoft.AspNetCore.Components.WebView.Wpf 10.0.0-preview.3.25171.1銆傚凡鏀逛负瑙ｆ瀽 Microsoft.AspNetCore.Components.WebView.Wpf 10.0.0-preview.3.25208.1銆?
D:\study\.net core\MovieAgent\MovieAgent\MovieAgent_gldeb5xa_wpftmp.csproj : warning NU1603: MovieAgent 渚濊禆浜?Microsoft.Extensions.Hosting (>= 10.0.0-preview.3.25171.1)锛屼絾娌℃湁鎵惧埌 Microsoft.Extensions.Hosting 10.0.0-preview.3.25171.1銆傚凡鏀逛负瑙ｆ瀽 Microsoft.Extensions.Hosting 10.0.0-preview.3.25171.5銆?
D:\study\.net core\MovieAgent\MovieAgent\Components\Pages\Dashboard.razor(72,21): error RZ10001: The type of component 'MudChip' cannot be inferred based on the values provided. Consider specifying the type arguments directly using the following attributes: 'T'. [D:\study\.net core\MovieAgent\MovieAgent\MovieAgent_gldeb5xa_wpftmp.csproj]
D:\study\.net core\MovieAgent\MovieAgent\Components\Pages\Dashboard.razor(73,21): error RZ10001: The type of component 'MudChip' cannot be inferred based on the values provided. Consider specifying the type arguments directly using the following attributes: 'T'. [D:\study\.net core\MovieAgent\MovieAgent\MovieAgent_gldeb5xa_wpftmp.csproj]
D:\study\.net core\MovieAgent\MovieAgent\Components\Pages\Dashboard.razor(101,17): error RZ10001: The type of component 'MudList' cannot be inferred based on the values provided. Consider specifying the type arguments directly using the following attributes: 'T'. [D:\study\.net core\MovieAgent\MovieAgent\MovieAgent_gldeb5xa_wpftmp.csproj]
D:\study\.net core\MovieAgent\MovieAgent\Components\Pages\Dashboard.razor(104,25): error RZ10001: The type of component 'MudListItem' cannot be inferred based on the values provided. Consider specifying the type arguments directly using the following attributes: 'T'. [D:\study\.net core\MovieAgent\MovieAgent\MovieAgent_gldeb5xa_wpftmp.csproj]
D:\study\.net core\MovieAgent\MovieAgent\Components\Pages\Home.razor(112,33): error RZ10001: The type of component 'MudChip' cannot be inferred based on the values provided. Consider specifying the type arguments directly using the following attributes: 'T'. [D:\study\.net core\MovieAgent\MovieAgent\MovieAgent_gldeb5xa_wpftmp.csproj]
D:\study\.net core\MovieAgent\MovieAgent\Components\Pages\Home.razor(126,25): error RZ10001: The type of component 'MudChip' cannot be inferred based on the values provided. Consider specifying the type arguments directly using the following attributes: 'T'. [D:\study\.net core\MovieAgent\MovieAgent\MovieAgent_gldeb5xa_wpftmp.csproj]
D:\study\.net core\MovieAgent\MovieAgent\Components\Pages\MovieDetail.razor(25,13): error RZ10001: The type of component 'MudChipSet' cannot be inferred based on the values provided. Consider specifying the type arguments directly using the following attributes: 'T'. [D:\study\.net core\MovieAgent\MovieAgent\MovieAgent_gldeb5xa_wpftmp.csproj]
D:\study\.net core\MovieAgent\MovieAgent\Components\Pages\MovieDetail.razor(28,21): error RZ10001: The type of component 'MudChip' cannot be inferred based on the values provided. Consider specifying the type arguments directly using the following attributes: 'T'. [D:\study\.net core\MovieAgent\MovieAgent\MovieAgent_gldeb5xa_wpftmp.csproj]
D:\study\.net core\MovieAgent\MovieAgent\Components\Pages\MovieDetail.razor(32,21): error RZ10001: The type of component 'MudChip' cannot be inferred based on the values provided. Consider specifying the type arguments directly using the following attributes: 'T'. [D:\study\.net core\MovieAgent\MovieAgent\MovieAgent_gldeb5xa_wpftmp.csproj]
D:\study\.net core\MovieAgent\MovieAgent\Components\Pages\MovieDetail.razor(36,21): error RZ10001: The type of component 'MudChip' cannot be inferred based on the values provided. Consider specifying the type arguments directly using the following attributes: 'T'. [D:\study\.net core\MovieAgent\MovieAgent\MovieAgent_gldeb5xa_wpftmp.csproj]
D:\study\.net core\MovieAgent\MovieAgent\Components\Pages\MovieDetail.razor(43,21): error RZ10001: The type of component 'MudChip' cannot be inferred based on the values provided. Consider specifying the type arguments directly using the following attributes: 'T'. [D:\study\.net core\MovieAgent\MovieAgent\MovieAgent_gldeb5xa_wpftmp.csproj]
D:\study\.net core\MovieAgent\MovieAgent\Components\Pages\MovieDetail.razor(47,21): error RZ10001: The type of component 'MudChip' cannot be inferred based on the values provided. Consider specifying the type arguments directly using the following attributes: 'T'. [D:\study\.net core\MovieAgent\MovieAgent\MovieAgent_gldeb5xa_wpftmp.csproj]
D:\study\.net core\MovieAgent\MovieAgent\Components\Pages\MovieDetail.razor(51,21): error RZ10001: The type of component 'MudChip' cannot be inferred based on the values provided. Consider specifying the type arguments directly using the following attributes: 'T'. [D:\study\.net core\MovieAgent\MovieAgent\MovieAgent_gldeb5xa_wpftmp.csproj]
D:\study\.net core\MovieAgent\MovieAgent\Components\Pages\MovieDetail.razor(57,17): error RZ10001: The type of component 'MudChipSet' cannot be inferred based on the values provided. Consider specifying the type arguments directly using the following attributes: 'T'. [D:\study\.net core\MovieAgent\MovieAgent\MovieAgent_gldeb5xa_wpftmp.csproj]
D:\study\.net core\MovieAgent\MovieAgent\Components\Pages\MovieDetail.razor(60,25): error RZ10001: The type of component 'MudChip' cannot be inferred based on the values provided. Consider specifying the type arguments directly using the following attributes: 'T'. [D:\study\.net core\MovieAgent\MovieAgent\MovieAgent_gldeb5xa_wpftmp.csproj]
D:\study\.net core\MovieAgent\MovieAgent\Components\Pages\Movies.razor(56,21): error RZ10001: The type of component 'MudChip' cannot be inferred based on the values provided. Consider specifying the type arguments directly using the following attributes: 'T'. [D:\study\.net core\MovieAgent\MovieAgent\MovieAgent_gldeb5xa_wpftmp.csproj]
D:\study\.net core\MovieAgent\MovieAgent\Components\Pages\Movies.razor(69,21): error RZ10001: The type of component 'MudChip' cannot be inferred based on the values provided. Consider specifying the type arguments directly using the following attributes: 'T'. [D:\study\.net core\MovieAgent\MovieAgent\MovieAgent_gldeb5xa_wpftmp.csproj]
D:\study\.net core\MovieAgent\MovieAgent\Components\Pages\Movies.razor(73,21): error RZ10001: The type of component 'MudChip' cannot be inferred based on the values provided. Consider specifying the type arguments directly using the following attributes: 'T'. [D:\study\.net core\MovieAgent\MovieAgent\MovieAgent_gldeb5xa_wpftmp.csproj]
D:\study\.net core\MovieAgent\MovieAgent\Components\Pages\Movies.razor(77,21): error RZ10001: The type of component 'MudChip' cannot be inferred based on the values provided. Consider specifying the type arguments directly using the following attributes: 'T'. [D:\study\.net core\MovieAgent\MovieAgent\MovieAgent_gldeb5xa_wpftmp.csproj]
D:\study\.net core\MovieAgent\MovieAgent\Components\Pages\Player.razor(70,25): error RZ10001: The type of component 'MudChipSet' cannot be inferred based on the values provided. Consider specifying the type arguments directly using the following attributes: 'T'. [D:\study\.net core\MovieAgent\MovieAgent\MovieAgent_gldeb5xa_wpftmp.csproj]
D:\study\.net core\MovieAgent\MovieAgent\Components\Pages\Player.razor(73,33): error RZ10001: The type of component 'MudChip' cannot be inferred based on the values provided. Consider specifying the type arguments directly using the following attributes: 'T'. [D:\study\.net core\MovieAgent\MovieAgent\MovieAgent_gldeb5xa_wpftmp.csproj]
D:\study\.net core\MovieAgent\MovieAgent\Components\Pages\Player.razor(77,33): error RZ10001: The type of component 'MudChip' cannot be inferred based on the values provided. Consider specifying the type arguments directly using the following attributes: 'T'. [D:\study\.net core\MovieAgent\MovieAgent\MovieAgent_gldeb5xa_wpftmp.csproj]
D:\study\.net core\MovieAgent\MovieAgent\Components\Pages\Player.razor(81,33): error RZ10001: The type of component 'MudChip' cannot be inferred based on the values provided. Consider specifying the type arguments directly using the following attributes: 'T'. [D:\study\.net core\MovieAgent\MovieAgent\MovieAgent_gldeb5xa_wpftmp.csproj]
D:\study\.net core\MovieAgent\MovieAgent\Components\Pages\SemanticSearch.razor(15,17): error RZ10001: The type of component 'MudChip' cannot be inferred based on the values provided. Consider specifying the type arguments directly using the following attributes: 'T'. [D:\study\.net core\MovieAgent\MovieAgent\MovieAgent_gldeb5xa_wpftmp.csproj]
D:\study\.net core\MovieAgent\MovieAgent\Components\Pages\SemanticSearch.razor(61,33): error RZ10001: The type of component 'MudChip' cannot be inferred based on the values provided. Consider specifying the type arguments directly using the following attributes: 'T'. [D:\study\.net core\MovieAgent\MovieAgent\MovieAgent_gldeb5xa_wpftmp.csproj]
D:\study\.net core\MovieAgent\MovieAgent\Components\Pages\SemanticSearch.razor(99,13): error RZ10001: The type of component 'MudList' cannot be inferred based on the values provided. Consider specifying the type arguments directly using the following attributes: 'T'. [D:\study\.net core\MovieAgent\MovieAgent\MovieAgent_gldeb5xa_wpftmp.csproj]
D:\study\.net core\MovieAgent\MovieAgent\Components\Pages\SemanticSearch.razor(100,17): error RZ10001: The type of component 'MudListItem' cannot be inferred based on the values provided. Consider specifying the type arguments directly using the following attributes: 'T'. [D:\study\.net core\MovieAgent\MovieAgent\MovieAgent_gldeb5xa_wpftmp.csproj]
D:\study\.net core\MovieAgent\MovieAgent\Components\Pages\SemanticSearch.razor(103,17): error RZ10001: The type of component 'MudListItem' cannot be inferred based on the values provided. Consider specifying the type arguments directly using the following attributes: 'T'. [D:\study\.net core\MovieAgent\MovieAgent\MovieAgent_gldeb5xa_wpftmp.csproj]
D:\study\.net core\MovieAgent\MovieAgent\Components\Pages\SemanticSearch.razor(106,17): error RZ10001: The type of component 'MudListItem' cannot be inferred based on the values provided. Consider specifying the type arguments directly using the following attributes: 'T'. [D:\study\.net core\MovieAgent\MovieAgent\MovieAgent_gldeb5xa_wpftmp.csproj]
D:\study\.net core\MovieAgent\MovieAgent\Components\Pages\Settings.razor(21,25): error RZ10001: The type of component 'MudChip' cannot be inferred based on the values provided. Consider specifying the type arguments directly using the following attributes: 'T'. [D:\study\.net core\MovieAgent\MovieAgent\MovieAgent_gldeb5xa_wpftmp.csproj]
D:\study\.net core\MovieAgent\MovieAgent\Components\Pages\Player.razor(170,26): error CS1061: 鈥淚DialogService鈥濇湭鍖呭惈鈥淪howMessageBox鈥濈殑瀹氫箟锛屽苟涓旀壘涓嶅埌鍙帴鍙楃涓€涓€淚DialogService鈥濈被鍨嬪弬鏁扮殑鍙闂墿灞曟柟娉曗€淪howMessageBox鈥?鏄惁缂哄皯 using 鎸囦护鎴栫▼搴忛泦寮曠敤?) [D:\study\.net core\MovieAgent\MovieAgent\MovieAgent_gldeb5xa_wpftmp.csproj]
D:\study\.net core\MovieAgent\MovieAgent\Components\Pages\Player.razor(217,26): error CS1061: 鈥淚DialogService鈥濇湭鍖呭惈鈥淪howMessageBox鈥濈殑瀹氫箟锛屽苟涓旀壘涓嶅埌鍙帴鍙楃涓€涓€淚DialogService鈥濈被鍨嬪弬鏁扮殑鍙闂墿灞曟柟娉曗€淪howMessageBox鈥?鏄惁缂哄皯 using 鎸囦护鎴栫▼搴忛泦寮曠敤?) [D:\study\.net core\MovieAgent\MovieAgent\MovieAgent_gldeb5xa_wpftmp.csproj]
D:\study\.net core\MovieAgent\MovieAgent\Components\Pages\Dashboard.razor(155,78): warning CS8629: 鍙负 null 鐨勫€肩被鍨嬪彲涓?null銆?[D:\study\.net core\MovieAgent\MovieAgent\MovieAgent_gldeb5xa_wpftmp.csproj]
D:\study\.net core\MovieAgent\MovieAgent\Components\Pages\MovieDetail.razor(1,1): warning MUD0002: Illegal Attribute 'OnSelectedValueChanged' on 'MudRating' using pattern 'LowerCase' source location '(934,24)-(934,105)' (https://mudblazor.com/features/analyzers) [D:\study\.net core\MovieAgent\MovieAgent\MovieAgent_gldeb5xa_wpftmp.csproj]
D:\study\.net core\MovieAgent\MovieAgent\Components\Pages\Home.razor(1,1): warning MUD0002: Illegal Attribute 'ShowProgressValue' on 'MudProgressLinear' using pattern 'LowerCase' source location '(1118,16)-(1118,82)' (https://mudblazor.com/features/analyzers) [D:\study\.net core\MovieAgent\MovieAgent\MovieAgent_gldeb5xa_wpftmp.csproj]
D:\study\.net core\MovieAgent\MovieAgent\Components\Pages\SemanticSearch.razor(1,1): warning MUD0002: Illegal Attribute 'Overflow' on 'MudText' using pattern 'LowerCase' source location '(1060,36)-(1060,106)' (https://mudblazor.com/features/analyzers) [D:\study\.net core\MovieAgent\MovieAgent\MovieAgent_gldeb5xa_wpftmp.csproj]

鐢熸垚澶辫触銆?

D:\study\.net core\MovieAgent\MovieAgent\MovieAgent.csproj : warning NU1510: PackageReference System.Drawing.Common 灏嗕笉浼氬垹闄ゃ€傝鑰冭檻浠庝緷璧栭」涓Щ闄ゆ鍖咃紝鍥犱负鍙兘涓嶉渶瑕佸畠銆?[D:\study\.net core\MovieAgent\MovieAgent.slnx]
D:\study\.net core\MovieAgent\MovieAgent\MovieAgent.csproj : warning NU1603: MovieAgent 渚濊禆浜?Microsoft.AspNetCore.Components.WebView.Wpf (>= 10.0.0-preview.3.25171.1)锛屼絾娌℃湁鎵惧埌 Microsoft.AspNetCore.Components.WebView.Wpf 10.0.0-preview.3.25171.1銆傚凡鏀逛负瑙ｆ瀽 Microsoft.AspNetCore.Components.WebView.Wpf 10.0.0-preview.3.25208.1銆?[D:\study\.net core\MovieAgent\MovieAgent.slnx]
D:\study\.net core\MovieAgent\MovieAgent\MovieAgent.csproj : warning NU1603: MovieAgent 渚濊禆浜?Microsoft.Extensions.Hosting (>= 10.0.0-preview.3.25171.1)锛屼絾娌℃湁鎵惧埌 Microsoft.Extensions.Hosting 10.0.0-preview.3.25171.1銆傚凡鏀逛负瑙ｆ瀽 Microsoft.Extensions.Hosting 10.0.0-preview.3.25171.5銆?[D:\study\.net core\MovieAgent\MovieAgent.slnx]
D:\study\.net core\MovieAgent\MovieAgent\MovieAgent.csproj : warning NU1510: PackageReference System.Drawing.Common 灏嗕笉浼氬垹闄ゃ€傝鑰冭檻浠庝緷璧栭」涓Щ闄ゆ鍖咃紝鍥犱负鍙兘涓嶉渶瑕佸畠銆?
D:\study\.net core\MovieAgent\MovieAgent\MovieAgent.csproj : warning NU1603: MovieAgent 渚濊禆浜?Microsoft.AspNetCore.Components.WebView.Wpf (>= 10.0.0-preview.3.25171.1)锛屼絾娌℃湁鎵惧埌 Microsoft.AspNetCore.Components.WebView.Wpf 10.0.0-preview.3.25171.1銆傚凡鏀逛负瑙ｆ瀽 Microsoft.AspNetCore.Components.WebView.Wpf 10.0.0-preview.3.25208.1銆?
D:\study\.net core\MovieAgent\MovieAgent\MovieAgent.csproj : warning NU1603: MovieAgent 渚濊禆浜?Microsoft.Extensions.Hosting (>= 10.0.0-preview.3.25171.1)锛屼絾娌℃湁鎵惧埌 Microsoft.Extensions.Hosting 10.0.0-preview.3.25171.1銆傚凡鏀逛负瑙ｆ瀽 Microsoft.Extensions.Hosting 10.0.0-preview.3.25171.5銆?
D:\study\.net core\MovieAgent\MovieAgent\MovieAgent_gldeb5xa_wpftmp.csproj : warning NU1510: PackageReference System.Drawing.Common 灏嗕笉浼氬垹闄ゃ€傝鑰冭檻浠庝緷璧栭」涓Щ闄ゆ鍖咃紝鍥犱负鍙兘涓嶉渶瑕佸畠銆?
D:\study\.net core\MovieAgent\MovieAgent\MovieAgent_gldeb5xa_wpftmp.csproj : warning NU1603: MovieAgent 渚濊禆浜?Microsoft.AspNetCore.Components.WebView.Wpf (>= 10.0.0-preview.3.25171.1)锛屼絾娌℃湁鎵惧埌 Microsoft.AspNetCore.Components.WebView.Wpf 10.0.0-preview.3.25171.1銆傚凡鏀逛负瑙ｆ瀽 Microsoft.AspNetCore.Components.WebView.Wpf 10.0.0-preview.3.25208.1銆?
D:\study\.net core\MovieAgent\MovieAgent\MovieAgent_gldeb5xa_wpftmp.csproj : warning NU1603: MovieAgent 渚濊禆浜?Microsoft.Extensions.Hosting (>= 10.0.0-preview.3.25171.1)锛屼絾娌℃湁鎵惧埌 Microsoft.Extensions.Hosting 10.0.0-preview.3.25171.1銆傚凡鏀逛负瑙ｆ瀽 Microsoft.Extensions.Hosting 10.0.0-preview.3.25171.5銆?
D:\study\.net core\MovieAgent\MovieAgent\Components\Pages\Dashboard.razor(155,78): warning CS8629: 鍙负 null 鐨勫€肩被鍨嬪彲涓?null銆?[D:\study\.net core\MovieAgent\MovieAgent\MovieAgent_gldeb5xa_wpftmp.csproj]
D:\study\.net core\MovieAgent\MovieAgent\Components\Pages\MovieDetail.razor(1,1): warning MUD0002: Illegal Attribute 'OnSelectedValueChanged' on 'MudRating' using pattern 'LowerCase' source location '(934,24)-(934,105)' (https://mudblazor.com/features/analyzers) [D:\study\.net core\MovieAgent\MovieAgent\MovieAgent_gldeb5xa_wpftmp.csproj]
D:\study\.net core\MovieAgent\MovieAgent\Components\Pages\Home.razor(1,1): warning MUD0002: Illegal Attribute 'ShowProgressValue' on 'MudProgressLinear' using pattern 'LowerCase' source location '(1118,16)-(1118,82)' (https://mudblazor.com/features/analyzers) [D:\study\.net core\MovieAgent\MovieAgent\MovieAgent_gldeb5xa_wpftmp.csproj]
D:\study\.net core\MovieAgent\MovieAgent\Components\Pages\SemanticSearch.razor(1,1): warning MUD0002: Illegal Attribute 'Overflow' on 'MudText' using pattern 'LowerCase' source location '(1060,36)-(1060,106)' (https://mudblazor.com/features/analyzers) [D:\study\.net core\MovieAgent\MovieAgent\MovieAgent_gldeb5xa_wpftmp.csproj]
D:\study\.net core\MovieAgent\MovieAgent\Components\Pages\Dashboard.razor(72,21): error RZ10001: The type of component 'MudChip' cannot be inferred based on the values provided. Consider specifying the type arguments directly using the following attributes: 'T'. [D:\study\.net core\MovieAgent\MovieAgent\MovieAgent_gldeb5xa_wpftmp.csproj]
D:\study\.net core\MovieAgent\MovieAgent\Components\Pages\Dashboard.razor(73,21): error RZ10001: The type of component 'MudChip' cannot be inferred based on the values provided. Consider specifying the type arguments directly using the following attributes: 'T'. [D:\study\.net core\MovieAgent\MovieAgent\MovieAgent_gldeb5xa_wpftmp.csproj]
D:\study\.net core\MovieAgent\MovieAgent\Components\Pages\Dashboard.razor(101,17): error RZ10001: The type of component 'MudList' cannot be inferred based on the values provided. Consider specifying the type arguments directly using the following attributes: 'T'. [D:\study\.net core\MovieAgent\MovieAgent\MovieAgent_gldeb5xa_wpftmp.csproj]
D:\study\.net core\MovieAgent\MovieAgent\Components\Pages\Dashboard.razor(104,25): error RZ10001: The type of component 'MudListItem' cannot be inferred based on the values provided. Consider specifying the type arguments directly using the following attributes: 'T'. [D:\study\.net core\MovieAgent\MovieAgent\MovieAgent_gldeb5xa_wpftmp.csproj]
D:\study\.net core\MovieAgent\MovieAgent\Components\Pages\Home.razor(112,33): error RZ10001: The type of component 'MudChip' cannot be inferred based on the values provided. Consider specifying the type arguments directly using the following attributes: 'T'. [D:\study\.net core\MovieAgent\MovieAgent\MovieAgent_gldeb5xa_wpftmp.csproj]
D:\study\.net core\MovieAgent\MovieAgent\Components\Pages\Home.razor(126,25): error RZ10001: The type of component 'MudChip' cannot be inferred based on the values provided. Consider specifying the type arguments directly using the following attributes: 'T'. [D:\study\.net core\MovieAgent\MovieAgent\MovieAgent_gldeb5xa_wpftmp.csproj]
D:\study\.net core\MovieAgent\MovieAgent\Components\Pages\MovieDetail.razor(25,13): error RZ10001: The type of component 'MudChipSet' cannot be inferred based on the values provided. Consider specifying the type arguments directly using the following attributes: 'T'. [D:\study\.net core\MovieAgent\MovieAgent\MovieAgent_gldeb5xa_wpftmp.csproj]
D:\study\.net core\MovieAgent\MovieAgent\Components\Pages\MovieDetail.razor(28,21): error RZ10001: The type of component 'MudChip' cannot be inferred based on the values provided. Consider specifying the type arguments directly using the following attributes: 'T'. [D:\study\.net core\MovieAgent\MovieAgent\MovieAgent_gldeb5xa_wpftmp.csproj]
D:\study\.net core\MovieAgent\MovieAgent\Components\Pages\MovieDetail.razor(32,21): error RZ10001: The type of component 'MudChip' cannot be inferred based on the values provided. Consider specifying the type arguments directly using the following attributes: 'T'. [D:\study\.net core\MovieAgent\MovieAgent\MovieAgent_gldeb5xa_wpftmp.csproj]
D:\study\.net core\MovieAgent\MovieAgent\Components\Pages\MovieDetail.razor(36,21): error RZ10001: The type of component 'MudChip' cannot be inferred based on the values provided. Consider specifying the type arguments directly using the following attributes: 'T'. [D:\study\.net core\MovieAgent\MovieAgent\MovieAgent_gldeb5xa_wpftmp.csproj]
D:\study\.net core\MovieAgent\MovieAgent\Components\Pages\MovieDetail.razor(43,21): error RZ10001: The type of component 'MudChip' cannot be inferred based on the values provided. Consider specifying the type arguments directly using the following attributes: 'T'. [D:\study\.net core\MovieAgent\MovieAgent\MovieAgent_gldeb5xa_wpftmp.csproj]
D:\study\.net core\MovieAgent\MovieAgent\Components\Pages\MovieDetail.razor(47,21): error RZ10001: The type of component 'MudChip' cannot be inferred based on the values provided. Consider specifying the type arguments directly using the following attributes: 'T'. [D:\study\.net core\MovieAgent\MovieAgent\MovieAgent_gldeb5xa_wpftmp.csproj]
D:\study\.net core\MovieAgent\MovieAgent\Components\Pages\MovieDetail.razor(51,21): error RZ10001: The type of component 'MudChip' cannot be inferred based on the values provided. Consider specifying the type arguments directly using the following attributes: 'T'. [D:\study\.net core\MovieAgent\MovieAgent\MovieAgent_gldeb5xa_wpftmp.csproj]
D:\study\.net core\MovieAgent\MovieAgent\Components\Pages\MovieDetail.razor(57,17): error RZ10001: The type of component 'MudChipSet' cannot be inferred based on the values provided. Consider specifying the type arguments directly using the following attributes: 'T'. [D:\study\.net core\MovieAgent\MovieAgent\MovieAgent_gldeb5xa_wpftmp.csproj]
D:\study\.net core\MovieAgent\MovieAgent\Components\Pages\MovieDetail.razor(60,25): error RZ10001: The type of component 'MudChip' cannot be inferred based on the values provided. Consider specifying the type arguments directly using the following attributes: 'T'. [D:\study\.net core\MovieAgent\MovieAgent\MovieAgent_gldeb5xa_wpftmp.csproj]
D:\study\.net core\MovieAgent\MovieAgent\Components\Pages\Movies.razor(56,21): error RZ10001: The type of component 'MudChip' cannot be inferred based on the values provided. Consider specifying the type arguments directly using the following attributes: 'T'. [D:\study\.net core\MovieAgent\MovieAgent\MovieAgent_gldeb5xa_wpftmp.csproj]
D:\study\.net core\MovieAgent\MovieAgent\Components\Pages\Movies.razor(69,21): error RZ10001: The type of component 'MudChip' cannot be inferred based on the values provided. Consider specifying the type arguments directly using the following attributes: 'T'. [D:\study\.net core\MovieAgent\MovieAgent\MovieAgent_gldeb5xa_wpftmp.csproj]
D:\study\.net core\MovieAgent\MovieAgent\Components\Pages\Movies.razor(73,21): error RZ10001: The type of component 'MudChip' cannot be inferred based on the values provided. Consider specifying the type arguments directly using the following attributes: 'T'. [D:\study\.net core\MovieAgent\MovieAgent\MovieAgent_gldeb5xa_wpftmp.csproj]
D:\study\.net core\MovieAgent\MovieAgent\Components\Pages\Movies.razor(77,21): error RZ10001: The type of component 'MudChip' cannot be inferred based on the values provided. Consider specifying the type arguments directly using the following attributes: 'T'. [D:\study\.net core\MovieAgent\MovieAgent\MovieAgent_gldeb5xa_wpftmp.csproj]
D:\study\.net core\MovieAgent\MovieAgent\Components\Pages\Player.razor(70,25): error RZ10001: The type of component 'MudChipSet' cannot be inferred based on the values provided. Consider specifying the type arguments directly using the following attributes: 'T'. [D:\study\.net core\MovieAgent\MovieAgent\MovieAgent_gldeb5xa_wpftmp.csproj]
D:\study\.net core\MovieAgent\MovieAgent\Components\Pages\Player.razor(73,33): error RZ10001: The type of component 'MudChip' cannot be inferred based on the values provided. Consider specifying the type arguments directly using the following attributes: 'T'. [D:\study\.net core\MovieAgent\MovieAgent\MovieAgent_gldeb5xa_wpftmp.csproj]
D:\study\.net core\MovieAgent\MovieAgent\Components\Pages\Player.razor(77,33): error RZ10001: The type of component 'MudChip' cannot be inferred based on the values provided. Consider specifying the type arguments directly using the following attributes: 'T'. [D:\study\.net core\MovieAgent\MovieAgent\MovieAgent_gldeb5xa_wpftmp.csproj]
D:\study\.net core\MovieAgent\MovieAgent\Components\Pages\Player.razor(81,33): error RZ10001: The type of component 'MudChip' cannot be inferred based on the values provided. Consider specifying the type arguments directly using the following attributes: 'T'. [D:\study\.net core\MovieAgent\MovieAgent\MovieAgent_gldeb5xa_wpftmp.csproj]
D:\study\.net core\MovieAgent\MovieAgent\Components\Pages\SemanticSearch.razor(15,17): error RZ10001: The type of component 'MudChip' cannot be inferred based on the values provided. Consider specifying the type arguments directly using the following attributes: 'T'. [D:\study\.net core\MovieAgent\MovieAgent\MovieAgent_gldeb5xa_wpftmp.csproj]
D:\study\.net core\MovieAgent\MovieAgent\Components\Pages\SemanticSearch.razor(61,33): error RZ10001: The type of component 'MudChip' cannot be inferred based on the values provided. Consider specifying the type arguments directly using the following attributes: 'T'. [D:\study\.net core\MovieAgent\MovieAgent\MovieAgent_gldeb5xa_wpftmp.csproj]
D:\study\.net core\MovieAgent\MovieAgent\Components\Pages\SemanticSearch.razor(99,13): error RZ10001: The type of component 'MudList' cannot be inferred based on the values provided. Consider specifying the type arguments directly using the following attributes: 'T'. [D:\study\.net core\MovieAgent\MovieAgent\MovieAgent_gldeb5xa_wpftmp.csproj]
D:\study\.net core\MovieAgent\MovieAgent\Components\Pages\SemanticSearch.razor(100,17): error RZ10001: The type of component 'MudListItem' cannot be inferred based on the values provided. Consider specifying the type arguments directly using the following attributes: 'T'. [D:\study\.net core\MovieAgent\MovieAgent\MovieAgent_gldeb5xa_wpftmp.csproj]
D:\study\.net core\MovieAgent\MovieAgent\Components\Pages\SemanticSearch.razor(103,17): error RZ10001: The type of component 'MudListItem' cannot be inferred based on the values provided. Consider specifying the type arguments directly using the following attributes: 'T'. [D:\study\.net core\MovieAgent\MovieAgent\MovieAgent_gldeb5xa_wpftmp.csproj]
D:\study\.net core\MovieAgent\MovieAgent\Components\Pages\SemanticSearch.razor(106,17): error RZ10001: The type of component 'MudListItem' cannot be inferred based on the values provided. Consider specifying the type arguments directly using the following attributes: 'T'. [D:\study\.net core\MovieAgent\MovieAgent\MovieAgent_gldeb5xa_wpftmp.csproj]
D:\study\.net core\MovieAgent\MovieAgent\Components\Pages\Settings.razor(21,25): error RZ10001: The type of component 'MudChip' cannot be inferred based on the values provided. Consider specifying the type arguments directly using the following attributes: 'T'. [D:\study\.net core\MovieAgent\MovieAgent\MovieAgent_gldeb5xa_wpftmp.csproj]
D:\study\.net core\MovieAgent\MovieAgent\Components\Pages\Player.razor(170,26): error CS1061: 鈥淚DialogService鈥濇湭鍖呭惈鈥淪howMessageBox鈥濈殑瀹氫箟锛屽苟涓旀壘涓嶅埌鍙帴鍙楃涓€涓€淚DialogService鈥濈被鍨嬪弬鏁扮殑鍙闂墿灞曟柟娉曗€淪howMessageBox鈥?鏄惁缂哄皯 using 鎸囦护鎴栫▼搴忛泦寮曠敤?) [D:\study\.net core\MovieAgent\MovieAgent\MovieAgent_gldeb5xa_wpftmp.csproj]
D:\study\.net core\MovieAgent\MovieAgent\Components\Pages\Player.razor(217,26): error CS1061: 鈥淚DialogService鈥濇湭鍖呭惈鈥淪howMessageBox鈥濈殑瀹氫箟锛屽苟涓旀壘涓嶅埌鍙帴鍙楃涓€涓€淚DialogService鈥濈被鍨嬪弬鏁扮殑鍙闂墿灞曟柟娉曗€淪howMessageBox鈥?鏄惁缂哄皯 using 鎸囦护鎴栫▼搴忛泦寮曠敤?) [D:\study\.net core\MovieAgent\MovieAgent\MovieAgent_gldeb5xa_wpftmp.csproj]
    13 涓鍛?
    32 涓敊璇?

宸茬敤鏃堕棿 00:00:02.26
